nohup: ignoring input
Using device: cuda
Text encoder: emilyalsentzer/Bio_ClinicalBERT (key=bert, max_seq_len=128)
DataLoaders ready:  Train=90 batches,  Val=20 batches,  Test=20 batches
Loaded EchoCare pretrained weights from '/home/zhuoyangl/tryout/bmi702/echocare_encoder.pth'
  Trainable: 5,508,353 / 234,040,313  (2.4%)

==============================================================
  Training: Exp 5 (Bio_ClinicalBERT): MLP Heads Only
==============================================================
  [E1] Batch 1/90 | loss=4.9172 | temp=0.0700
  [E1] Batch 11/90 | loss=4.7143 | temp=0.0700
  [E1] Batch 21/90 | loss=4.5875 | temp=0.0700
  [E1] Batch 31/90 | loss=4.3471 | temp=0.0700
  [E1] Batch 41/90 | loss=4.2075 | temp=0.0700
  [E1] Batch 51/90 | loss=4.0587 | temp=0.0700
  [E1] Batch 61/90 | loss=3.9806 | temp=0.0700
  [E1] Batch 71/90 | loss=3.9321 | temp=0.0700
  [E1] Batch 81/90 | loss=3.8688 | temp=0.0700
  [E1] Batch 90/90 | loss=3.7240 | temp=0.0700
huggingface/tokenizers: The current process just got forked, after parallelism has already been used. Disabling parallelism to avoid deadlocks...
To disable this warning, you can either:
	- Avoid using `tokenizers` before the fork if possible
	- Explicitly set the environment variable TOKENIZERS_PARALLELISM=(true | false)
huggingface/tokenizers: The current process just got forked, after parallelism has already been used. Disabling parallelism to avoid deadlocks...
To disable this warning, you can either:
	- Avoid using `tokenizers` before the fork if possible
	- Explicitly set the environment variable TOKENIZERS_PARALLELISM=(true | false)
huggingface/tokenizers: The current process just got forked, after parallelism has already been used. Disabling parallelism to avoid deadlocks...
To disable this warning, you can either:
	- Avoid using `tokenizers` before the fork if possible
	- Explicitly set the environment variable TOKENIZERS_PARALLELISM=(true | false)
huggingface/tokenizers: The current process just got forked, after parallelism has already been used. Disabling parallelism to avoid deadlocks...
To disable this warning, you can either:
	- Avoid using `tokenizers` before the fork if possible
	- Explicitly set the environment variable TOKENIZERS_PARALLELISM=(true | false)
>>> Epoch  1/20  Train=4.2284  Val=3.6974  LR=9.94e-05
  [Checkpoint] best val=3.6974 → /home/zhuoyangl/tryout/bmi702/checkpoints/exp5_bert_mlp_only_best.pth
huggingface/tokenizers: The current process just got forked, after parallelism has already been used. Disabling parallelism to avoid deadlocks...
To disable this warning, you can either:
	- Avoid using `tokenizers` before the fork if possible
	- Explicitly set the environment variable TOKENIZERS_PARALLELISM=(true | false)
huggingface/tokenizers: The current process just got forked, after parallelism has already been used. Disabling parallelism to avoid deadlocks...
To disable this warning, you can either:
	- Avoid using `tokenizers` before the fork if possible
	- Explicitly set the environment variable TOKENIZERS_PARALLELISM=(true | false)
huggingface/tokenizers: The current process just got forked, after parallelism has already been used. Disabling parallelism to avoid deadlocks...
To disable this warning, you can either:
	- Avoid using `tokenizers` before the fork if possible
	- Explicitly set the environment variable TOKENIZERS_PARALLELISM=(true | false)
huggingface/tokenizers: The current process just got forked, after parallelism has already been used. Disabling parallelism to avoid deadlocks...
To disable this warning, you can either:
	- Avoid using `tokenizers` before the fork if possible
	- Explicitly set the environment variable TOKENIZERS_PARALLELISM=(true | false)
  [E2] Batch 1/90 | loss=3.7981 | temp=0.0700
  [E2] Batch 11/90 | loss=3.6949 | temp=0.0700
  [E2] Batch 21/90 | loss=3.6991 | temp=0.0700
  [E2] Batch 31/90 | loss=3.7162 | temp=0.0700
  [E2] Batch 41/90 | loss=3.6741 | temp=0.0700
  [E2] Batch 51/90 | loss=3.7625 | temp=0.0700
  [E2] Batch 61/90 | loss=3.6708 | temp=0.0700
  [E2] Batch 71/90 | loss=3.6848 | temp=0.0700
  [E2] Batch 81/90 | loss=3.7460 | temp=0.0700
  [E2] Batch 90/90 | loss=3.7031 | temp=0.0700
huggingface/tokenizers: The current process just got forked, after parallelism has already been used. Disabling parallelism to avoid deadlocks...
To disable this warning, you can either:
	- Avoid using `tokenizers` before the fork if possible
	- Explicitly set the environment variable TOKENIZERS_PARALLELISM=(true | false)
huggingface/tokenizers: The current process just got forked, after parallelism has already been used. Disabling parallelism to avoid deadlocks...
To disable this warning, you can either:
	- Avoid using `tokenizers` before the fork if possible
	- Explicitly set the environment variable TOKENIZERS_PARALLELISM=(true | false)
huggingface/tokenizers: The current process just got forked, after parallelism has already been used. Disabling parallelism to avoid deadlocks...
To disable this warning, you can either:
	- Avoid using `tokenizers` before the fork if possible
	- Explicitly set the environment variable TOKENIZERS_PARALLELISM=(true | false)
huggingface/tokenizers: The current process just got forked, after parallelism has already been used. Disabling parallelism to avoid deadlocks...
To disable this warning, you can either:
	- Avoid using `tokenizers` before the fork if possible
	- Explicitly set the environment variable TOKENIZERS_PARALLELISM=(true | false)
>>> Epoch  2/20  Train=3.6941  Val=3.5991  LR=9.76e-05
  [Checkpoint] best val=3.5991 → /home/zhuoyangl/tryout/bmi702/checkpoints/exp5_bert_mlp_only_best.pth
huggingface/tokenizers: The current process just got forked, after parallelism has already been used. Disabling parallelism to avoid deadlocks...
To disable this warning, you can either:
	- Avoid using `tokenizers` before the fork if possible
	- Explicitly set the environment variable TOKENIZERS_PARALLELISM=(true | false)
huggingface/tokenizers: The current process just got forked, after parallelism has already been used. Disabling parallelism to avoid deadlocks...
To disable this warning, you can either:
	- Avoid using `tokenizers` before the fork if possible
	- Explicitly set the environment variable TOKENIZERS_PARALLELISM=(true | false)
huggingface/tokenizers: The current process just got forked, after parallelism has already been used. Disabling parallelism to avoid deadlocks...
To disable this warning, you can either:
	- Avoid using `tokenizers` before the fork if possible
	- Explicitly set the environment variable TOKENIZERS_PARALLELISM=(true | false)
huggingface/tokenizers: The current process just got forked, after parallelism has already been used. Disabling parallelism to avoid deadlocks...
To disable this warning, you can either:
	- Avoid using `tokenizers` before the fork if possible
	- Explicitly set the environment variable TOKENIZERS_PARALLELISM=(true | false)
  [E3] Batch 1/90 | loss=3.6174 | temp=0.0700
  [E3] Batch 11/90 | loss=3.5156 | temp=0.0700
  [E3] Batch 21/90 | loss=3.5560 | temp=0.0700
  [E3] Batch 31/90 | loss=3.5838 | temp=0.0700
  [E3] Batch 41/90 | loss=3.6067 | temp=0.0700
  [E3] Batch 51/90 | loss=3.6612 | temp=0.0700
  [E3] Batch 61/90 | loss=3.4411 | temp=0.0700
  [E3] Batch 71/90 | loss=3.5210 | temp=0.0700
  [E3] Batch 81/90 | loss=3.5219 | temp=0.0700
  [E3] Batch 90/90 | loss=3.5226 | temp=0.0700
huggingface/tokenizers: The current process just got forked, after parallelism has already been used. Disabling parallelism to avoid deadlocks...
To disable this warning, you can either:
	- Avoid using `tokenizers` before the fork if possible
	- Explicitly set the environment variable TOKENIZERS_PARALLELISM=(true | false)
huggingface/tokenizers: The current process just got forked, after parallelism has already been used. Disabling parallelism to avoid deadlocks...
To disable this warning, you can either:
	- Avoid using `tokenizers` before the fork if possible
	- Explicitly set the environment variable TOKENIZERS_PARALLELISM=(true | false)
huggingface/tokenizers: The current process just got forked, after parallelism has already been used. Disabling parallelism to avoid deadlocks...
To disable this warning, you can either:
	- Avoid using `tokenizers` before the fork if possible
	- Explicitly set the environment variable TOKENIZERS_PARALLELISM=(true | false)
huggingface/tokenizers: The current process just got forked, after parallelism has already been used. Disabling parallelism to avoid deadlocks...
To disable this warning, you can either:
	- Avoid using `tokenizers` before the fork if possible
	- Explicitly set the environment variable TOKENIZERS_PARALLELISM=(true | false)
>>> Epoch  3/20  Train=3.5904  Val=3.5217  LR=9.46e-05
  [Checkpoint] best val=3.5217 → /home/zhuoyangl/tryout/bmi702/checkpoints/exp5_bert_mlp_only_best.pth
huggingface/tokenizers: The current process just got forked, after parallelism has already been used. Disabling parallelism to avoid deadlocks...
To disable this warning, you can either:
	- Avoid using `tokenizers` before the fork if possible
	- Explicitly set the environment variable TOKENIZERS_PARALLELISM=(true | false)
huggingface/tokenizers: The current process just got forked, after parallelism has already been used. Disabling parallelism to avoid deadlocks...
To disable this warning, you can either:
	- Avoid using `tokenizers` before the fork if possible
	- Explicitly set the environment variable TOKENIZERS_PARALLELISM=(true | false)
huggingface/tokenizers: The current process just got forked, after parallelism has already been used. Disabling parallelism to avoid deadlocks...
To disable this warning, you can either:
	- Avoid using `tokenizers` before the fork if possible
	- Explicitly set the environment variable TOKENIZERS_PARALLELISM=(true | false)
huggingface/tokenizers: The current process just got forked, after parallelism has already been used. Disabling parallelism to avoid deadlocks...
To disable this warning, you can either:
	- Avoid using `tokenizers` before the fork if possible
	- Explicitly set the environment variable TOKENIZERS_PARALLELISM=(true | false)
  [E4] Batch 1/90 | loss=3.5798 | temp=0.0700
  [E4] Batch 11/90 | loss=3.5954 | temp=0.0700
  [E4] Batch 21/90 | loss=3.5963 | temp=0.0700
  [E4] Batch 31/90 | loss=3.6126 | temp=0.0700
  [E4] Batch 41/90 | loss=3.4636 | temp=0.0700
  [E4] Batch 51/90 | loss=3.6183 | temp=0.0700
  [E4] Batch 61/90 | loss=3.4735 | temp=0.0700
  [E4] Batch 71/90 | loss=3.6567 | temp=0.0700
  [E4] Batch 81/90 | loss=3.5674 | temp=0.0700
  [E4] Batch 90/90 | loss=3.5523 | temp=0.0700
huggingface/tokenizers: The current process just got forked, after parallelism has already been used. Disabling parallelism to avoid deadlocks...
To disable this warning, you can either:
	- Avoid using `tokenizers` before the fork if possible
	- Explicitly set the environment variable TOKENIZERS_PARALLELISM=(true | false)
huggingface/tokenizers: The current process just got forked, after parallelism has already been used. Disabling parallelism to avoid deadlocks...
To disable this warning, you can either:
	- Avoid using `tokenizers` before the fork if possible
	- Explicitly set the environment variable TOKENIZERS_PARALLELISM=(true | false)
huggingface/tokenizers: The current process just got forked, after parallelism has already been used. Disabling parallelism to avoid deadlocks...
To disable this warning, you can either:
	- Avoid using `tokenizers` before the fork if possible
	- Explicitly set the environment variable TOKENIZERS_PARALLELISM=(true | false)
huggingface/tokenizers: The current process just got forked, after parallelism has already been used. Disabling parallelism to avoid deadlocks...
To disable this warning, you can either:
	- Avoid using `tokenizers` before the fork if possible
	- Explicitly set the environment variable TOKENIZERS_PARALLELISM=(true | false)
>>> Epoch  4/20  Train=3.5249  Val=3.4442  LR=9.05e-05
  [Checkpoint] best val=3.4442 → /home/zhuoyangl/tryout/bmi702/checkpoints/exp5_bert_mlp_only_best.pth
huggingface/tokenizers: The current process just got forked, after parallelism has already been used. Disabling parallelism to avoid deadlocks...
To disable this warning, you can either:
	- Avoid using `tokenizers` before the fork if possible
	- Explicitly set the environment variable TOKENIZERS_PARALLELISM=(true | false)
huggingface/tokenizers: The current process just got forked, after parallelism has already been used. Disabling parallelism to avoid deadlocks...
To disable this warning, you can either:
	- Avoid using `tokenizers` before the fork if possible
	- Explicitly set the environment variable TOKENIZERS_PARALLELISM=(true | false)
huggingface/tokenizers: The current process just got forked, after parallelism has already been used. Disabling parallelism to avoid deadlocks...
To disable this warning, you can either:
	- Avoid using `tokenizers` before the fork if possible
	- Explicitly set the environment variable TOKENIZERS_PARALLELISM=(true | false)
huggingface/tokenizers: The current process just got forked, after parallelism has already been used. Disabling parallelism to avoid deadlocks...
To disable this warning, you can either:
	- Avoid using `tokenizers` before the fork if possible
	- Explicitly set the environment variable TOKENIZERS_PARALLELISM=(true | false)
  [E5] Batch 1/90 | loss=3.4900 | temp=0.0700
  [E5] Batch 11/90 | loss=3.3672 | temp=0.0700
  [E5] Batch 21/90 | loss=3.3536 | temp=0.0700
  [E5] Batch 31/90 | loss=3.4232 | temp=0.0700
  [E5] Batch 41/90 | loss=3.4796 | temp=0.0700
  [E5] Batch 51/90 | loss=3.5877 | temp=0.0700
  [E5] Batch 61/90 | loss=3.4377 | temp=0.0699
  [E5] Batch 71/90 | loss=3.4733 | temp=0.0699
  [E5] Batch 81/90 | loss=3.2746 | temp=0.0699
  [E5] Batch 90/90 | loss=3.4318 | temp=0.0699
huggingface/tokenizers: The current process just got forked, after parallelism has already been used. Disabling parallelism to avoid deadlocks...
To disable this warning, you can either:
	- Avoid using `tokenizers` before the fork if possible
	- Explicitly set the environment variable TOKENIZERS_PARALLELISM=(true | false)
huggingface/tokenizers: The current process just got forked, after parallelism has already been used. Disabling parallelism to avoid deadlocks...
To disable this warning, you can either:
	- Avoid using `tokenizers` before the fork if possible
	- Explicitly set the environment variable TOKENIZERS_PARALLELISM=(true | false)
huggingface/tokenizers: The current process just got forked, after parallelism has already been used. Disabling parallelism to avoid deadlocks...
To disable this warning, you can either:
	- Avoid using `tokenizers` before the fork if possible
	- Explicitly set the environment variable TOKENIZERS_PARALLELISM=(true | false)
huggingface/tokenizers: The current process just got forked, after parallelism has already been used. Disabling parallelism to avoid deadlocks...
To disable this warning, you can either:
	- Avoid using `tokenizers` before the fork if possible
	- Explicitly set the environment variable TOKENIZERS_PARALLELISM=(true | false)
>>> Epoch  5/20  Train=3.4696  Val=3.3655  LR=8.54e-05
  [Checkpoint] best val=3.3655 → /home/zhuoyangl/tryout/bmi702/checkpoints/exp5_bert_mlp_only_best.pth
huggingface/tokenizers: The current process just got forked, after parallelism has already been used. Disabling parallelism to avoid deadlocks...
To disable this warning, you can either:
	- Avoid using `tokenizers` before the fork if possible
	- Explicitly set the environment variable TOKENIZERS_PARALLELISM=(true | false)
huggingface/tokenizers: The current process just got forked, after parallelism has already been used. Disabling parallelism to avoid deadlocks...
To disable this warning, you can either:
	- Avoid using `tokenizers` before the fork if possible
	- Explicitly set the environment variable TOKENIZERS_PARALLELISM=(true | false)
huggingface/tokenizers: The current process just got forked, after parallelism has already been used. Disabling parallelism to avoid deadlocks...
To disable this warning, you can either:
	- Avoid using `tokenizers` before the fork if possible
	- Explicitly set the environment variable TOKENIZERS_PARALLELISM=(true | false)
huggingface/tokenizers: The current process just got forked, after parallelism has already been used. Disabling parallelism to avoid deadlocks...
To disable this warning, you can either:
	- Avoid using `tokenizers` before the fork if possible
	- Explicitly set the environment variable TOKENIZERS_PARALLELISM=(true | false)
  [E6] Batch 1/90 | loss=3.3733 | temp=0.0699
  [E6] Batch 11/90 | loss=3.5776 | temp=0.0699
  [E6] Batch 21/90 | loss=3.4806 | temp=0.0699
  [E6] Batch 31/90 | loss=3.5894 | temp=0.0699
  [E6] Batch 41/90 | loss=3.3661 | temp=0.0699
  [E6] Batch 51/90 | loss=3.3140 | temp=0.0699
  [E6] Batch 61/90 | loss=3.3708 | temp=0.0699
  [E6] Batch 71/90 | loss=3.6125 | temp=0.0699
  [E6] Batch 81/90 | loss=3.2937 | temp=0.0698
  [E6] Batch 90/90 | loss=3.3273 | temp=0.0698
huggingface/tokenizers: The current process just got forked, after parallelism has already been used. Disabling parallelism to avoid deadlocks...
To disable this warning, you can either:
	- Avoid using `tokenizers` before the fork if possible
	- Explicitly set the environment variable TOKENIZERS_PARALLELISM=(true | false)
huggingface/tokenizers: The current process just got forked, after parallelism has already been used. Disabling parallelism to avoid deadlocks...
To disable this warning, you can either:
	- Avoid using `tokenizers` before the fork if possible
	- Explicitly set the environment variable TOKENIZERS_PARALLELISM=(true | false)
huggingface/tokenizers: The current process just got forked, after parallelism has already been used. Disabling parallelism to avoid deadlocks...
To disable this warning, you can either:
	- Avoid using `tokenizers` before the fork if possible
	- Explicitly set the environment variable TOKENIZERS_PARALLELISM=(true | false)
huggingface/tokenizers: The current process just got forked, after parallelism has already been used. Disabling parallelism to avoid deadlocks...
To disable this warning, you can either:
	- Avoid using `tokenizers` before the fork if possible
	- Explicitly set the environment variable TOKENIZERS_PARALLELISM=(true | false)
>>> Epoch  6/20  Train=3.4361  Val=3.4559  LR=7.94e-05
huggingface/tokenizers: The current process just got forked, after parallelism has already been used. Disabling parallelism to avoid deadlocks...
To disable this warning, you can either:
	- Avoid using `tokenizers` before the fork if possible
	- Explicitly set the environment variable TOKENIZERS_PARALLELISM=(true | false)
huggingface/tokenizers: The current process just got forked, after parallelism has already been used. Disabling parallelism to avoid deadlocks...
To disable this warning, you can either:
	- Avoid using `tokenizers` before the fork if possible
	- Explicitly set the environment variable TOKENIZERS_PARALLELISM=(true | false)
huggingface/tokenizers: The current process just got forked, after parallelism has already been used. Disabling parallelism to avoid deadlocks...
To disable this warning, you can either:
	- Avoid using `tokenizers` before the fork if possible
	- Explicitly set the environment variable TOKENIZERS_PARALLELISM=(true | false)
huggingface/tokenizers: The current process just got forked, after parallelism has already been used. Disabling parallelism to avoid deadlocks...
To disable this warning, you can either:
	- Avoid using `tokenizers` before the fork if possible
	- Explicitly set the environment variable TOKENIZERS_PARALLELISM=(true | false)
  [E7] Batch 1/90 | loss=3.4514 | temp=0.0698
  [E7] Batch 11/90 | loss=3.2876 | temp=0.0698
  [E7] Batch 21/90 | loss=3.4554 | temp=0.0698
  [E7] Batch 31/90 | loss=3.5324 | temp=0.0698
  [E7] Batch 41/90 | loss=3.3662 | temp=0.0698
  [E7] Batch 51/90 | loss=3.3612 | temp=0.0698
  [E7] Batch 61/90 | loss=3.2812 | temp=0.0698
  [E7] Batch 71/90 | loss=3.3873 | temp=0.0698
  [E7] Batch 81/90 | loss=3.3794 | temp=0.0698
  [E7] Batch 90/90 | loss=3.3440 | temp=0.0697
huggingface/tokenizers: The current process just got forked, after parallelism has already been used. Disabling parallelism to avoid deadlocks...
To disable this warning, you can either:
	- Avoid using `tokenizers` before the fork if possible
	- Explicitly set the environment variable TOKENIZERS_PARALLELISM=(true | false)
huggingface/tokenizers: The current process just got forked, after parallelism has already been used. Disabling parallelism to avoid deadlocks...
To disable this warning, you can either:
	- Avoid using `tokenizers` before the fork if possible
	- Explicitly set the environment variable TOKENIZERS_PARALLELISM=(true | false)
huggingface/tokenizers: The current process just got forked, after parallelism has already been used. Disabling parallelism to avoid deadlocks...
To disable this warning, you can either:
	- Avoid using `tokenizers` before the fork if possible
	- Explicitly set the environment variable TOKENIZERS_PARALLELISM=(true | false)
huggingface/tokenizers: The current process just got forked, after parallelism has already been used. Disabling parallelism to avoid deadlocks...
To disable this warning, you can either:
	- Avoid using `tokenizers` before the fork if possible
	- Explicitly set the environment variable TOKENIZERS_PARALLELISM=(true | false)
>>> Epoch  7/20  Train=3.3964  Val=3.3196  LR=7.27e-05
  [Checkpoint] best val=3.3196 → /home/zhuoyangl/tryout/bmi702/checkpoints/exp5_bert_mlp_only_best.pth
huggingface/tokenizers: The current process just got forked, after parallelism has already been used. Disabling parallelism to avoid deadlocks...
To disable this warning, you can either:
	- Avoid using `tokenizers` before the fork if possible
	- Explicitly set the environment variable TOKENIZERS_PARALLELISM=(true | false)
huggingface/tokenizers: The current process just got forked, after parallelism has already been used. Disabling parallelism to avoid deadlocks...
To disable this warning, you can either:
	- Avoid using `tokenizers` before the fork if possible
	- Explicitly set the environment variable TOKENIZERS_PARALLELISM=(true | false)
huggingface/tokenizers: The current process just got forked, after parallelism has already been used. Disabling parallelism to avoid deadlocks...
To disable this warning, you can either:
	- Avoid using `tokenizers` before the fork if possible
	- Explicitly set the environment variable TOKENIZERS_PARALLELISM=(true | false)
huggingface/tokenizers: The current process just got forked, after parallelism has already been used. Disabling parallelism to avoid deadlocks...
To disable this warning, you can either:
	- Avoid using `tokenizers` before the fork if possible
	- Explicitly set the environment variable TOKENIZERS_PARALLELISM=(true | false)
  [E8] Batch 1/90 | loss=3.1942 | temp=0.0697
  [E8] Batch 11/90 | loss=3.3277 | temp=0.0697
  [E8] Batch 21/90 | loss=3.3966 | temp=0.0697
  [E8] Batch 31/90 | loss=3.3880 | temp=0.0697
  [E8] Batch 41/90 | loss=3.4828 | temp=0.0697
  [E8] Batch 51/90 | loss=3.4674 | temp=0.0697
  [E8] Batch 61/90 | loss=3.3020 | temp=0.0696
  [E8] Batch 71/90 | loss=3.2651 | temp=0.0696
  [E8] Batch 81/90 | loss=3.3421 | temp=0.0696
  [E8] Batch 90/90 | loss=3.2865 | temp=0.0696
huggingface/tokenizers: The current process just got forked, after parallelism has already been used. Disabling parallelism to avoid deadlocks...
To disable this warning, you can either:
	- Avoid using `tokenizers` before the fork if possible
	- Explicitly set the environment variable TOKENIZERS_PARALLELISM=(true | false)
huggingface/tokenizers: The current process just got forked, after parallelism has already been used. Disabling parallelism to avoid deadlocks...
To disable this warning, you can either:
	- Avoid using `tokenizers` before the fork if possible
	- Explicitly set the environment variable TOKENIZERS_PARALLELISM=(true | false)
huggingface/tokenizers: The current process just got forked, after parallelism has already been used. Disabling parallelism to avoid deadlocks...
To disable this warning, you can either:
	- Avoid using `tokenizers` before the fork if possible
	- Explicitly set the environment variable TOKENIZERS_PARALLELISM=(true | false)
huggingface/tokenizers: The current process just got forked, after parallelism has already been used. Disabling parallelism to avoid deadlocks...
To disable this warning, you can either:
	- Avoid using `tokenizers` before the fork if possible
	- Explicitly set the environment variable TOKENIZERS_PARALLELISM=(true | false)
>>> Epoch  8/20  Train=3.3575  Val=3.3609  LR=6.55e-05
huggingface/tokenizers: The current process just got forked, after parallelism has already been used. Disabling parallelism to avoid deadlocks...
To disable this warning, you can either:
	- Avoid using `tokenizers` before the fork if possible
	- Explicitly set the environment variable TOKENIZERS_PARALLELISM=(true | false)
huggingface/tokenizers: The current process just got forked, after parallelism has already been used. Disabling parallelism to avoid deadlocks...
To disable this warning, you can either:
	- Avoid using `tokenizers` before the fork if possible
	- Explicitly set the environment variable TOKENIZERS_PARALLELISM=(true | false)
huggingface/tokenizers: The current process just got forked, after parallelism has already been used. Disabling parallelism to avoid deadlocks...
To disable this warning, you can either:
	- Avoid using `tokenizers` before the fork if possible
	- Explicitly set the environment variable TOKENIZERS_PARALLELISM=(true | false)
huggingface/tokenizers: The current process just got forked, after parallelism has already been used. Disabling parallelism to avoid deadlocks...
To disable this warning, you can either:
	- Avoid using `tokenizers` before the fork if possible
	- Explicitly set the environment variable TOKENIZERS_PARALLELISM=(true | false)
  [E9] Batch 1/90 | loss=3.3227 | temp=0.0696
  [E9] Batch 11/90 | loss=3.2355 | temp=0.0696
  [E9] Batch 21/90 | loss=3.2757 | temp=0.0696
  [E9] Batch 31/90 | loss=3.3687 | temp=0.0695
  [E9] Batch 41/90 | loss=3.2810 | temp=0.0695
  [E9] Batch 51/90 | loss=3.2830 | temp=0.0695
  [E9] Batch 61/90 | loss=3.3574 | temp=0.0695
  [E9] Batch 71/90 | loss=3.3902 | temp=0.0695
  [E9] Batch 81/90 | loss=3.3181 | temp=0.0695
  [E9] Batch 90/90 | loss=3.3563 | temp=0.0694
huggingface/tokenizers: The current process just got forked, after parallelism has already been used. Disabling parallelism to avoid deadlocks...
To disable this warning, you can either:
	- Avoid using `tokenizers` before the fork if possible
	- Explicitly set the environment variable TOKENIZERS_PARALLELISM=(true | false)
huggingface/tokenizers: The current process just got forked, after parallelism has already been used. Disabling parallelism to avoid deadlocks...
To disable this warning, you can either:
	- Avoid using `tokenizers` before the fork if possible
	- Explicitly set the environment variable TOKENIZERS_PARALLELISM=(true | false)
huggingface/tokenizers: The current process just got forked, after parallelism has already been used. Disabling parallelism to avoid deadlocks...
To disable this warning, you can either:
	- Avoid using `tokenizers` before the fork if possible
	- Explicitly set the environment variable TOKENIZERS_PARALLELISM=(true | false)
huggingface/tokenizers: The current process just got forked, after parallelism has already been used. Disabling parallelism to avoid deadlocks...
To disable this warning, you can either:
	- Avoid using `tokenizers` before the fork if possible
	- Explicitly set the environment variable TOKENIZERS_PARALLELISM=(true | false)
>>> Epoch  9/20  Train=3.3223  Val=3.3160  LR=5.78e-05
  [Checkpoint] best val=3.3160 → /home/zhuoyangl/tryout/bmi702/checkpoints/exp5_bert_mlp_only_best.pth
huggingface/tokenizers: The current process just got forked, after parallelism has already been used. Disabling parallelism to avoid deadlocks...
To disable this warning, you can either:
	- Avoid using `tokenizers` before the fork if possible
	- Explicitly set the environment variable TOKENIZERS_PARALLELISM=(true | false)
huggingface/tokenizers: The current process just got forked, after parallelism has already been used. Disabling parallelism to avoid deadlocks...
To disable this warning, you can either:
	- Avoid using `tokenizers` before the fork if possible
	- Explicitly set the environment variable TOKENIZERS_PARALLELISM=(true | false)
huggingface/tokenizers: The current process just got forked, after parallelism has already been used. Disabling parallelism to avoid deadlocks...
To disable this warning, you can either:
	- Avoid using `tokenizers` before the fork if possible
	- Explicitly set the environment variable TOKENIZERS_PARALLELISM=(true | false)
huggingface/tokenizers: The current process just got forked, after parallelism has already been used. Disabling parallelism to avoid deadlocks...
To disable this warning, you can either:
	- Avoid using `tokenizers` before the fork if possible
	- Explicitly set the environment variable TOKENIZERS_PARALLELISM=(true | false)
  [E10] Batch 1/90 | loss=3.3523 | temp=0.0694
  [E10] Batch 11/90 | loss=3.1189 | temp=0.0694
  [E10] Batch 21/90 | loss=3.3971 | temp=0.0694
  [E10] Batch 31/90 | loss=3.2412 | temp=0.0694
  [E10] Batch 41/90 | loss=3.2660 | temp=0.0694
  [E10] Batch 51/90 | loss=3.5314 | temp=0.0694
  [E10] Batch 61/90 | loss=3.3893 | temp=0.0694
  [E10] Batch 71/90 | loss=3.4382 | temp=0.0693
  [E10] Batch 81/90 | loss=3.3933 | temp=0.0693
  [E10] Batch 90/90 | loss=3.2250 | temp=0.0693
huggingface/tokenizers: The current process just got forked, after parallelism has already been used. Disabling parallelism to avoid deadlocks...
To disable this warning, you can either:
	- Avoid using `tokenizers` before the fork if possible
	- Explicitly set the environment variable TOKENIZERS_PARALLELISM=(true | false)
huggingface/tokenizers: The current process just got forked, after parallelism has already been used. Disabling parallelism to avoid deadlocks...
To disable this warning, you can either:
	- Avoid using `tokenizers` before the fork if possible
	- Explicitly set the environment variable TOKENIZERS_PARALLELISM=(true | false)
huggingface/tokenizers: The current process just got forked, after parallelism has already been used. Disabling parallelism to avoid deadlocks...
To disable this warning, you can either:
	- Avoid using `tokenizers` before the fork if possible
	- Explicitly set the environment variable TOKENIZERS_PARALLELISM=(true | false)
huggingface/tokenizers: The current process just got forked, after parallelism has already been used. Disabling parallelism to avoid deadlocks...
To disable this warning, you can either:
	- Avoid using `tokenizers` before the fork if possible
	- Explicitly set the environment variable TOKENIZERS_PARALLELISM=(true | false)
>>> Epoch 10/20  Train=3.3086  Val=3.2741  LR=5.00e-05
  [Checkpoint] best val=3.2741 → /home/zhuoyangl/tryout/bmi702/checkpoints/exp5_bert_mlp_only_best.pth
huggingface/tokenizers: The current process just got forked, after parallelism has already been used. Disabling parallelism to avoid deadlocks...
To disable this warning, you can either:
	- Avoid using `tokenizers` before the fork if possible
	- Explicitly set the environment variable TOKENIZERS_PARALLELISM=(true | false)
huggingface/tokenizers: The current process just got forked, after parallelism has already been used. Disabling parallelism to avoid deadlocks...
To disable this warning, you can either:
	- Avoid using `tokenizers` before the fork if possible
	- Explicitly set the environment variable TOKENIZERS_PARALLELISM=(true | false)
huggingface/tokenizers: The current process just got forked, after parallelism has already been used. Disabling parallelism to avoid deadlocks...
To disable this warning, you can either:
	- Avoid using `tokenizers` before the fork if possible
	- Explicitly set the environment variable TOKENIZERS_PARALLELISM=(true | false)
huggingface/tokenizers: The current process just got forked, after parallelism has already been used. Disabling parallelism to avoid deadlocks...
To disable this warning, you can either:
	- Avoid using `tokenizers` before the fork if possible
	- Explicitly set the environment variable TOKENIZERS_PARALLELISM=(true | false)
  [E11] Batch 1/90 | loss=3.2450 | temp=0.0693
  [E11] Batch 11/90 | loss=3.2968 | temp=0.0693
  [E11] Batch 21/90 | loss=3.3954 | temp=0.0693
  [E11] Batch 31/90 | loss=3.2750 | temp=0.0693
  [E11] Batch 41/90 | loss=3.1126 | temp=0.0693
  [E11] Batch 51/90 | loss=3.2592 | temp=0.0692
  [E11] Batch 61/90 | loss=3.4616 | temp=0.0692
  [E11] Batch 71/90 | loss=3.1827 | temp=0.0692
  [E11] Batch 81/90 | loss=3.2801 | temp=0.0692
  [E11] Batch 90/90 | loss=3.1854 | temp=0.0692
huggingface/tokenizers: The current process just got forked, after parallelism has already been used. Disabling parallelism to avoid deadlocks...
To disable this warning, you can either:
	- Avoid using `tokenizers` before the fork if possible
	- Explicitly set the environment variable TOKENIZERS_PARALLELISM=(true | false)
huggingface/tokenizers: The current process just got forked, after parallelism has already been used. Disabling parallelism to avoid deadlocks...
To disable this warning, you can either:
	- Avoid using `tokenizers` before the fork if possible
	- Explicitly set the environment variable TOKENIZERS_PARALLELISM=(true | false)
huggingface/tokenizers: The current process just got forked, after parallelism has already been used. Disabling parallelism to avoid deadlocks...
To disable this warning, you can either:
	- Avoid using `tokenizers` before the fork if possible
	- Explicitly set the environment variable TOKENIZERS_PARALLELISM=(true | false)
huggingface/tokenizers: The current process just got forked, after parallelism has already been used. Disabling parallelism to avoid deadlocks...
To disable this warning, you can either:
	- Avoid using `tokenizers` before the fork if possible
	- Explicitly set the environment variable TOKENIZERS_PARALLELISM=(true | false)
>>> Epoch 11/20  Train=3.2736  Val=3.2555  LR=4.22e-05
  [Checkpoint] best val=3.2555 → /home/zhuoyangl/tryout/bmi702/checkpoints/exp5_bert_mlp_only_best.pth
huggingface/tokenizers: The current process just got forked, after parallelism has already been used. Disabling parallelism to avoid deadlocks...
To disable this warning, you can either:
	- Avoid using `tokenizers` before the fork if possible
	- Explicitly set the environment variable TOKENIZERS_PARALLELISM=(true | false)
huggingface/tokenizers: The current process just got forked, after parallelism has already been used. Disabling parallelism to avoid deadlocks...
To disable this warning, you can either:
	- Avoid using `tokenizers` before the fork if possible
	- Explicitly set the environment variable TOKENIZERS_PARALLELISM=(true | false)
huggingface/tokenizers: The current process just got forked, after parallelism has already been used. Disabling parallelism to avoid deadlocks...
To disable this warning, you can either:
	- Avoid using `tokenizers` before the fork if possible
	- Explicitly set the environment variable TOKENIZERS_PARALLELISM=(true | false)
huggingface/tokenizers: The current process just got forked, after parallelism has already been used. Disabling parallelism to avoid deadlocks...
To disable this warning, you can either:
	- Avoid using `tokenizers` before the fork if possible
	- Explicitly set the environment variable TOKENIZERS_PARALLELISM=(true | false)
  [E12] Batch 1/90 | loss=3.3085 | temp=0.0692
  [E12] Batch 11/90 | loss=3.3253 | temp=0.0692
  [E12] Batch 21/90 | loss=3.2736 | temp=0.0692
  [E12] Batch 31/90 | loss=3.3034 | temp=0.0691
  [E12] Batch 41/90 | loss=3.2597 | temp=0.0691
  [E12] Batch 51/90 | loss=3.2419 | temp=0.0691
  [E12] Batch 61/90 | loss=3.2839 | temp=0.0691
  [E12] Batch 71/90 | loss=3.2288 | temp=0.0691
  [E12] Batch 81/90 | loss=3.3596 | temp=0.0691
  [E12] Batch 90/90 | loss=3.3349 | temp=0.0691
huggingface/tokenizers: The current process just got forked, after parallelism has already been used. Disabling parallelism to avoid deadlocks...
To disable this warning, you can either:
	- Avoid using `tokenizers` before the fork if possible
	- Explicitly set the environment variable TOKENIZERS_PARALLELISM=(true | false)
huggingface/tokenizers: The current process just got forked, after parallelism has already been used. Disabling parallelism to avoid deadlocks...
To disable this warning, you can either:
	- Avoid using `tokenizers` before the fork if possible
	- Explicitly set the environment variable TOKENIZERS_PARALLELISM=(true | false)
huggingface/tokenizers: The current process just got forked, after parallelism has already been used. Disabling parallelism to avoid deadlocks...
To disable this warning, you can either:
	- Avoid using `tokenizers` before the fork if possible
	- Explicitly set the environment variable TOKENIZERS_PARALLELISM=(true | false)
huggingface/tokenizers: The current process just got forked, after parallelism has already been used. Disabling parallelism to avoid deadlocks...
To disable this warning, you can either:
	- Avoid using `tokenizers` before the fork if possible
	- Explicitly set the environment variable TOKENIZERS_PARALLELISM=(true | false)
>>> Epoch 12/20  Train=3.2508  Val=3.2518  LR=3.45e-05
  [Checkpoint] best val=3.2518 → /home/zhuoyangl/tryout/bmi702/checkpoints/exp5_bert_mlp_only_best.pth
huggingface/tokenizers: The current process just got forked, after parallelism has already been used. Disabling parallelism to avoid deadlocks...
To disable this warning, you can either:
	- Avoid using `tokenizers` before the fork if possible
	- Explicitly set the environment variable TOKENIZERS_PARALLELISM=(true | false)
huggingface/tokenizers: The current process just got forked, after parallelism has already been used. Disabling parallelism to avoid deadlocks...
To disable this warning, you can either:
	- Avoid using `tokenizers` before the fork if possible
	- Explicitly set the environment variable TOKENIZERS_PARALLELISM=(true | false)
huggingface/tokenizers: The current process just got forked, after parallelism has already been used. Disabling parallelism to avoid deadlocks...
To disable this warning, you can either:
	- Avoid using `tokenizers` before the fork if possible
	- Explicitly set the environment variable TOKENIZERS_PARALLELISM=(true | false)
huggingface/tokenizers: The current process just got forked, after parallelism has already been used. Disabling parallelism to avoid deadlocks...
To disable this warning, you can either:
	- Avoid using `tokenizers` before the fork if possible
	- Explicitly set the environment variable TOKENIZERS_PARALLELISM=(true | false)
  [E13] Batch 1/90 | loss=3.2409 | temp=0.0690
  [E13] Batch 11/90 | loss=3.2741 | temp=0.0690
  [E13] Batch 21/90 | loss=3.2449 | temp=0.0690
  [E13] Batch 31/90 | loss=3.1651 | temp=0.0690
  [E13] Batch 41/90 | loss=3.1686 | temp=0.0690
  [E13] Batch 51/90 | loss=3.1052 | temp=0.0690
  [E13] Batch 61/90 | loss=3.2293 | temp=0.0690
  [E13] Batch 71/90 | loss=3.1603 | temp=0.0690
  [E13] Batch 81/90 | loss=3.1952 | temp=0.0689
  [E13] Batch 90/90 | loss=3.2121 | temp=0.0689
huggingface/tokenizers: The current process just got forked, after parallelism has already been used. Disabling parallelism to avoid deadlocks...
To disable this warning, you can either:
	- Avoid using `tokenizers` before the fork if possible
	- Explicitly set the environment variable TOKENIZERS_PARALLELISM=(true | false)
huggingface/tokenizers: The current process just got forked, after parallelism has already been used. Disabling parallelism to avoid deadlocks...
To disable this warning, you can either:
	- Avoid using `tokenizers` before the fork if possible
	- Explicitly set the environment variable TOKENIZERS_PARALLELISM=(true | false)
huggingface/tokenizers: The current process just got forked, after parallelism has already been used. Disabling parallelism to avoid deadlocks...
To disable this warning, you can either:
	- Avoid using `tokenizers` before the fork if possible
	- Explicitly set the environment variable TOKENIZERS_PARALLELISM=(true | false)
huggingface/tokenizers: The current process just got forked, after parallelism has already been used. Disabling parallelism to avoid deadlocks...
To disable this warning, you can either:
	- Avoid using `tokenizers` before the fork if possible
	- Explicitly set the environment variable TOKENIZERS_PARALLELISM=(true | false)
>>> Epoch 13/20  Train=3.2109  Val=3.2290  LR=2.73e-05
  [Checkpoint] best val=3.2290 → /home/zhuoyangl/tryout/bmi702/checkpoints/exp5_bert_mlp_only_best.pth
huggingface/tokenizers: The current process just got forked, after parallelism has already been used. Disabling parallelism to avoid deadlocks...
To disable this warning, you can either:
	- Avoid using `tokenizers` before the fork if possible
	- Explicitly set the environment variable TOKENIZERS_PARALLELISM=(true | false)
huggingface/tokenizers: The current process just got forked, after parallelism has already been used. Disabling parallelism to avoid deadlocks...
To disable this warning, you can either:
	- Avoid using `tokenizers` before the fork if possible
	- Explicitly set the environment variable TOKENIZERS_PARALLELISM=(true | false)
huggingface/tokenizers: The current process just got forked, after parallelism has already been used. Disabling parallelism to avoid deadlocks...
To disable this warning, you can either:
	- Avoid using `tokenizers` before the fork if possible
	- Explicitly set the environment variable TOKENIZERS_PARALLELISM=(true | false)
huggingface/tokenizers: The current process just got forked, after parallelism has already been used. Disabling parallelism to avoid deadlocks...
To disable this warning, you can either:
	- Avoid using `tokenizers` before the fork if possible
	- Explicitly set the environment variable TOKENIZERS_PARALLELISM=(true | false)
  [E14] Batch 1/90 | loss=3.1685 | temp=0.0689
  [E14] Batch 11/90 | loss=3.1866 | temp=0.0689
  [E14] Batch 21/90 | loss=3.1833 | temp=0.0689
  [E14] Batch 31/90 | loss=3.1480 | temp=0.0689
  [E14] Batch 41/90 | loss=3.1397 | temp=0.0689
  [E14] Batch 51/90 | loss=3.1028 | temp=0.0689
  [E14] Batch 61/90 | loss=3.2514 | temp=0.0688
  [E14] Batch 71/90 | loss=3.1573 | temp=0.0688
  [E14] Batch 81/90 | loss=3.1953 | temp=0.0688
  [E14] Batch 90/90 | loss=3.1992 | temp=0.0688
huggingface/tokenizers: The current process just got forked, after parallelism has already been used. Disabling parallelism to avoid deadlocks...
To disable this warning, you can either:
	- Avoid using `tokenizers` before the fork if possible
	- Explicitly set the environment variable TOKENIZERS_PARALLELISM=(true | false)
huggingface/tokenizers: The current process just got forked, after parallelism has already been used. Disabling parallelism to avoid deadlocks...
To disable this warning, you can either:
	- Avoid using `tokenizers` before the fork if possible
	- Explicitly set the environment variable TOKENIZERS_PARALLELISM=(true | false)
huggingface/tokenizers: The current process just got forked, after parallelism has already been used. Disabling parallelism to avoid deadlocks...
To disable this warning, you can either:
	- Avoid using `tokenizers` before the fork if possible
	- Explicitly set the environment variable TOKENIZERS_PARALLELISM=(true | false)
huggingface/tokenizers: The current process just got forked, after parallelism has already been used. Disabling parallelism to avoid deadlocks...
To disable this warning, you can either:
	- Avoid using `tokenizers` before the fork if possible
	- Explicitly set the environment variable TOKENIZERS_PARALLELISM=(true | false)
>>> Epoch 14/20  Train=3.1869  Val=3.2186  LR=2.06e-05
  [Checkpoint] best val=3.2186 → /home/zhuoyangl/tryout/bmi702/checkpoints/exp5_bert_mlp_only_best.pth
huggingface/tokenizers: The current process just got forked, after parallelism has already been used. Disabling parallelism to avoid deadlocks...
To disable this warning, you can either:
	- Avoid using `tokenizers` before the fork if possible
	- Explicitly set the environment variable TOKENIZERS_PARALLELISM=(true | false)
huggingface/tokenizers: The current process just got forked, after parallelism has already been used. Disabling parallelism to avoid deadlocks...
To disable this warning, you can either:
	- Avoid using `tokenizers` before the fork if possible
	- Explicitly set the environment variable TOKENIZERS_PARALLELISM=(true | false)
huggingface/tokenizers: The current process just got forked, after parallelism has already been used. Disabling parallelism to avoid deadlocks...
To disable this warning, you can either:
	- Avoid using `tokenizers` before the fork if possible
	- Explicitly set the environment variable TOKENIZERS_PARALLELISM=(true | false)
huggingface/tokenizers: The current process just got forked, after parallelism has already been used. Disabling parallelism to avoid deadlocks...
To disable this warning, you can either:
	- Avoid using `tokenizers` before the fork if possible
	- Explicitly set the environment variable TOKENIZERS_PARALLELISM=(true | false)
  [E15] Batch 1/90 | loss=3.1474 | temp=0.0688
  [E15] Batch 11/90 | loss=3.0890 | temp=0.0688
  [E15] Batch 21/90 | loss=3.0944 | temp=0.0688
  [E15] Batch 31/90 | loss=3.1325 | temp=0.0688
  [E15] Batch 41/90 | loss=3.3078 | temp=0.0688
  [E15] Batch 51/90 | loss=3.2120 | temp=0.0688
  [E15] Batch 61/90 | loss=3.3368 | temp=0.0688
  [E15] Batch 71/90 | loss=3.1698 | temp=0.0687
  [E15] Batch 81/90 | loss=3.1176 | temp=0.0687
  [E15] Batch 90/90 | loss=3.1899 | temp=0.0687
huggingface/tokenizers: The current process just got forked, after parallelism has already been used. Disabling parallelism to avoid deadlocks...
To disable this warning, you can either:
	- Avoid using `tokenizers` before the fork if possible
	- Explicitly set the environment variable TOKENIZERS_PARALLELISM=(true | false)
huggingface/tokenizers: The current process just got forked, after parallelism has already been used. Disabling parallelism to avoid deadlocks...
To disable this warning, you can either:
	- Avoid using `tokenizers` before the fork if possible
	- Explicitly set the environment variable TOKENIZERS_PARALLELISM=(true | false)
huggingface/tokenizers: The current process just got forked, after parallelism has already been used. Disabling parallelism to avoid deadlocks...
To disable this warning, you can either:
	- Avoid using `tokenizers` before the fork if possible
	- Explicitly set the environment variable TOKENIZERS_PARALLELISM=(true | false)
huggingface/tokenizers: The current process just got forked, after parallelism has already been used. Disabling parallelism to avoid deadlocks...
To disable this warning, you can either:
	- Avoid using `tokenizers` before the fork if possible
	- Explicitly set the environment variable TOKENIZERS_PARALLELISM=(true | false)
>>> Epoch 15/20  Train=3.1625  Val=3.2122  LR=1.46e-05
  [Checkpoint] best val=3.2122 → /home/zhuoyangl/tryout/bmi702/checkpoints/exp5_bert_mlp_only_best.pth
huggingface/tokenizers: The current process just got forked, after parallelism has already been used. Disabling parallelism to avoid deadlocks...
To disable this warning, you can either:
	- Avoid using `tokenizers` before the fork if possible
	- Explicitly set the environment variable TOKENIZERS_PARALLELISM=(true | false)
huggingface/tokenizers: The current process just got forked, after parallelism has already been used. Disabling parallelism to avoid deadlocks...
To disable this warning, you can either:
	- Avoid using `tokenizers` before the fork if possible
	- Explicitly set the environment variable TOKENIZERS_PARALLELISM=(true | false)
huggingface/tokenizers: The current process just got forked, after parallelism has already been used. Disabling parallelism to avoid deadlocks...
To disable this warning, you can either:
	- Avoid using `tokenizers` before the fork if possible
	- Explicitly set the environment variable TOKENIZERS_PARALLELISM=(true | false)
huggingface/tokenizers: The current process just got forked, after parallelism has already been used. Disabling parallelism to avoid deadlocks...
To disable this warning, you can either:
	- Avoid using `tokenizers` before the fork if possible
	- Explicitly set the environment variable TOKENIZERS_PARALLELISM=(true | false)
  [E16] Batch 1/90 | loss=3.2145 | temp=0.0687
  [E16] Batch 11/90 | loss=3.0848 | temp=0.0687
  [E16] Batch 21/90 | loss=3.0906 | temp=0.0687
  [E16] Batch 31/90 | loss=3.1735 | temp=0.0687
  [E16] Batch 41/90 | loss=3.2362 | temp=0.0687
  [E16] Batch 51/90 | loss=3.1977 | temp=0.0687
  [E16] Batch 61/90 | loss=3.3611 | temp=0.0687
  [E16] Batch 71/90 | loss=3.1299 | temp=0.0687
  [E16] Batch 81/90 | loss=3.1003 | temp=0.0687
  [E16] Batch 90/90 | loss=3.1459 | temp=0.0686
huggingface/tokenizers: The current process just got forked, after parallelism has already been used. Disabling parallelism to avoid deadlocks...
To disable this warning, you can either:
	- Avoid using `tokenizers` before the fork if possible
	- Explicitly set the environment variable TOKENIZERS_PARALLELISM=(true | false)
huggingface/tokenizers: The current process just got forked, after parallelism has already been used. Disabling parallelism to avoid deadlocks...
To disable this warning, you can either:
	- Avoid using `tokenizers` before the fork if possible
	- Explicitly set the environment variable TOKENIZERS_PARALLELISM=(true | false)
huggingface/tokenizers: The current process just got forked, after parallelism has already been used. Disabling parallelism to avoid deadlocks...
To disable this warning, you can either:
	- Avoid using `tokenizers` before the fork if possible
	- Explicitly set the environment variable TOKENIZERS_PARALLELISM=(true | false)
huggingface/tokenizers: The current process just got forked, after parallelism has already been used. Disabling parallelism to avoid deadlocks...
To disable this warning, you can either:
	- Avoid using `tokenizers` before the fork if possible
	- Explicitly set the environment variable TOKENIZERS_PARALLELISM=(true | false)
>>> Epoch 16/20  Train=3.1480  Val=3.1895  LR=9.55e-06
  [Checkpoint] best val=3.1895 → /home/zhuoyangl/tryout/bmi702/checkpoints/exp5_bert_mlp_only_best.pth
huggingface/tokenizers: The current process just got forked, after parallelism has already been used. Disabling parallelism to avoid deadlocks...
To disable this warning, you can either:
	- Avoid using `tokenizers` before the fork if possible
	- Explicitly set the environment variable TOKENIZERS_PARALLELISM=(true | false)
huggingface/tokenizers: The current process just got forked, after parallelism has already been used. Disabling parallelism to avoid deadlocks...
To disable this warning, you can either:
	- Avoid using `tokenizers` before the fork if possible
	- Explicitly set the environment variable TOKENIZERS_PARALLELISM=(true | false)
huggingface/tokenizers: The current process just got forked, after parallelism has already been used. Disabling parallelism to avoid deadlocks...
To disable this warning, you can either:
	- Avoid using `tokenizers` before the fork if possible
	- Explicitly set the environment variable TOKENIZERS_PARALLELISM=(true | false)
huggingface/tokenizers: The current process just got forked, after parallelism has already been used. Disabling parallelism to avoid deadlocks...
To disable this warning, you can either:
	- Avoid using `tokenizers` before the fork if possible
	- Explicitly set the environment variable TOKENIZERS_PARALLELISM=(true | false)
  [E17] Batch 1/90 | loss=3.0358 | temp=0.0686
  [E17] Batch 11/90 | loss=3.1545 | temp=0.0686
  [E17] Batch 21/90 | loss=3.2667 | temp=0.0686
  [E17] Batch 31/90 | loss=3.0462 | temp=0.0686
  [E17] Batch 41/90 | loss=3.0875 | temp=0.0686
  [E17] Batch 51/90 | loss=3.1052 | temp=0.0686
  [E17] Batch 61/90 | loss=3.2196 | temp=0.0686
  [E17] Batch 71/90 | loss=3.1490 | temp=0.0686
  [E17] Batch 81/90 | loss=3.2328 | temp=0.0686
  [E17] Batch 90/90 | loss=3.1787 | temp=0.0686
huggingface/tokenizers: The current process just got forked, after parallelism has already been used. Disabling parallelism to avoid deadlocks...
To disable this warning, you can either:
	- Avoid using `tokenizers` before the fork if possible
	- Explicitly set the environment variable TOKENIZERS_PARALLELISM=(true | false)
huggingface/tokenizers: The current process just got forked, after parallelism has already been used. Disabling parallelism to avoid deadlocks...
To disable this warning, you can either:
	- Avoid using `tokenizers` before the fork if possible
	- Explicitly set the environment variable TOKENIZERS_PARALLELISM=(true | false)
huggingface/tokenizers: The current process just got forked, after parallelism has already been used. Disabling parallelism to avoid deadlocks...
To disable this warning, you can either:
	- Avoid using `tokenizers` before the fork if possible
	- Explicitly set the environment variable TOKENIZERS_PARALLELISM=(true | false)
huggingface/tokenizers: The current process just got forked, after parallelism has already been used. Disabling parallelism to avoid deadlocks...
To disable this warning, you can either:
	- Avoid using `tokenizers` before the fork if possible
	- Explicitly set the environment variable TOKENIZERS_PARALLELISM=(true | false)
>>> Epoch 17/20  Train=3.1280  Val=3.1690  LR=5.45e-06
  [Checkpoint] best val=3.1690 → /home/zhuoyangl/tryout/bmi702/checkpoints/exp5_bert_mlp_only_best.pth
huggingface/tokenizers: The current process just got forked, after parallelism has already been used. Disabling parallelism to avoid deadlocks...
To disable this warning, you can either:
	- Avoid using `tokenizers` before the fork if possible
	- Explicitly set the environment variable TOKENIZERS_PARALLELISM=(true | false)
huggingface/tokenizers: The current process just got forked, after parallelism has already been used. Disabling parallelism to avoid deadlocks...
To disable this warning, you can either:
	- Avoid using `tokenizers` before the fork if possible
	- Explicitly set the environment variable TOKENIZERS_PARALLELISM=(true | false)
huggingface/tokenizers: The current process just got forked, after parallelism has already been used. Disabling parallelism to avoid deadlocks...
To disable this warning, you can either:
	- Avoid using `tokenizers` before the fork if possible
	- Explicitly set the environment variable TOKENIZERS_PARALLELISM=(true | false)
huggingface/tokenizers: The current process just got forked, after parallelism has already been used. Disabling parallelism to avoid deadlocks...
To disable this warning, you can either:
	- Avoid using `tokenizers` before the fork if possible
	- Explicitly set the environment variable TOKENIZERS_PARALLELISM=(true | false)
  [E18] Batch 1/90 | loss=2.9876 | temp=0.0686
  [E18] Batch 11/90 | loss=3.3263 | temp=0.0686
  [E18] Batch 21/90 | loss=3.1133 | temp=0.0686
  [E18] Batch 31/90 | loss=3.1342 | temp=0.0686
  [E18] Batch 41/90 | loss=3.1598 | temp=0.0686
  [E18] Batch 51/90 | loss=3.0296 | temp=0.0686
  [E18] Batch 61/90 | loss=3.1105 | temp=0.0686
  [E18] Batch 71/90 | loss=3.3205 | temp=0.0686
  [E18] Batch 81/90 | loss=3.1011 | temp=0.0686
  [E18] Batch 90/90 | loss=3.1403 | temp=0.0686
huggingface/tokenizers: The current process just got forked, after parallelism has already been used. Disabling parallelism to avoid deadlocks...
To disable this warning, you can either:
	- Avoid using `tokenizers` before the fork if possible
	- Explicitly set the environment variable TOKENIZERS_PARALLELISM=(true | false)
huggingface/tokenizers: The current process just got forked, after parallelism has already been used. Disabling parallelism to avoid deadlocks...
To disable this warning, you can either:
	- Avoid using `tokenizers` before the fork if possible
	- Explicitly set the environment variable TOKENIZERS_PARALLELISM=(true | false)
huggingface/tokenizers: The current process just got forked, after parallelism has already been used. Disabling parallelism to avoid deadlocks...
To disable this warning, you can either:
	- Avoid using `tokenizers` before the fork if possible
	- Explicitly set the environment variable TOKENIZERS_PARALLELISM=(true | false)
huggingface/tokenizers: The current process just got forked, after parallelism has already been used. Disabling parallelism to avoid deadlocks...
To disable this warning, you can either:
	- Avoid using `tokenizers` before the fork if possible
	- Explicitly set the environment variable TOKENIZERS_PARALLELISM=(true | false)
>>> Epoch 18/20  Train=3.1080  Val=3.1778  LR=2.45e-06
huggingface/tokenizers: The current process just got forked, after parallelism has already been used. Disabling parallelism to avoid deadlocks...
To disable this warning, you can either:
	- Avoid using `tokenizers` before the fork if possible
	- Explicitly set the environment variable TOKENIZERS_PARALLELISM=(true | false)
huggingface/tokenizers: The current process just got forked, after parallelism has already been used. Disabling parallelism to avoid deadlocks...
To disable this warning, you can either:
	- Avoid using `tokenizers` before the fork if possible
	- Explicitly set the environment variable TOKENIZERS_PARALLELISM=(true | false)
huggingface/tokenizers: The current process just got forked, after parallelism has already been used. Disabling parallelism to avoid deadlocks...
To disable this warning, you can either:
	- Avoid using `tokenizers` before the fork if possible
	- Explicitly set the environment variable TOKENIZERS_PARALLELISM=(true | false)
huggingface/tokenizers: The current process just got forked, after parallelism has already been used. Disabling parallelism to avoid deadlocks...
To disable this warning, you can either:
	- Avoid using `tokenizers` before the fork if possible
	- Explicitly set the environment variable TOKENIZERS_PARALLELISM=(true | false)
  [E19] Batch 1/90 | loss=3.0893 | temp=0.0686
  [E19] Batch 11/90 | loss=3.1061 | temp=0.0686
  [E19] Batch 21/90 | loss=3.0345 | temp=0.0686
  [E19] Batch 31/90 | loss=3.1005 | temp=0.0686
  [E19] Batch 41/90 | loss=3.1362 | temp=0.0686
  [E19] Batch 51/90 | loss=3.1382 | temp=0.0686
  [E19] Batch 61/90 | loss=3.2228 | temp=0.0686
  [E19] Batch 71/90 | loss=3.1152 | temp=0.0686
  [E19] Batch 81/90 | loss=3.1359 | temp=0.0686
  [E19] Batch 90/90 | loss=3.1401 | temp=0.0686
huggingface/tokenizers: The current process just got forked, after parallelism has already been used. Disabling parallelism to avoid deadlocks...
To disable this warning, you can either:
	- Avoid using `tokenizers` before the fork if possible
	- Explicitly set the environment variable TOKENIZERS_PARALLELISM=(true | false)
huggingface/tokenizers: The current process just got forked, after parallelism has already been used. Disabling parallelism to avoid deadlocks...
To disable this warning, you can either:
	- Avoid using `tokenizers` before the fork if possible
	- Explicitly set the environment variable TOKENIZERS_PARALLELISM=(true | false)
huggingface/tokenizers: The current process just got forked, after parallelism has already been used. Disabling parallelism to avoid deadlocks...
To disable this warning, you can either:
	- Avoid using `tokenizers` before the fork if possible
	- Explicitly set the environment variable TOKENIZERS_PARALLELISM=(true | false)
huggingface/tokenizers: The current process just got forked, after parallelism has already been used. Disabling parallelism to avoid deadlocks...
To disable this warning, you can either:
	- Avoid using `tokenizers` before the fork if possible
	- Explicitly set the environment variable TOKENIZERS_PARALLELISM=(true | false)
>>> Epoch 19/20  Train=3.0988  Val=3.1821  LR=6.16e-07
huggingface/tokenizers: The current process just got forked, after parallelism has already been used. Disabling parallelism to avoid deadlocks...
To disable this warning, you can either:
	- Avoid using `tokenizers` before the fork if possible
	- Explicitly set the environment variable TOKENIZERS_PARALLELISM=(true | false)
huggingface/tokenizers: The current process just got forked, after parallelism has already been used. Disabling parallelism to avoid deadlocks...
To disable this warning, you can either:
	- Avoid using `tokenizers` before the fork if possible
	- Explicitly set the environment variable TOKENIZERS_PARALLELISM=(true | false)
huggingface/tokenizers: The current process just got forked, after parallelism has already been used. Disabling parallelism to avoid deadlocks...
To disable this warning, you can either:
	- Avoid using `tokenizers` before the fork if possible
	- Explicitly set the environment variable TOKENIZERS_PARALLELISM=(true | false)
huggingface/tokenizers: The current process just got forked, after parallelism has already been used. Disabling parallelism to avoid deadlocks...
To disable this warning, you can either:
	- Avoid using `tokenizers` before the fork if possible
	- Explicitly set the environment variable TOKENIZERS_PARALLELISM=(true | false)
  [E20] Batch 1/90 | loss=2.9246 | temp=0.0686
  [E20] Batch 11/90 | loss=3.1123 | temp=0.0686
  [E20] Batch 21/90 | loss=3.1325 | temp=0.0686
  [E20] Batch 31/90 | loss=3.2805 | temp=0.0686
  [E20] Batch 41/90 | loss=3.1276 | temp=0.0686
  [E20] Batch 51/90 | loss=3.0973 | temp=0.0686
  [E20] Batch 61/90 | loss=3.2178 | temp=0.0686
  [E20] Batch 71/90 | loss=2.9933 | temp=0.0686
  [E20] Batch 81/90 | loss=2.9411 | temp=0.0686
  [E20] Batch 90/90 | loss=3.0922 | temp=0.0686
huggingface/tokenizers: The current process just got forked, after parallelism has already been used. Disabling parallelism to avoid deadlocks...
To disable this warning, you can either:
	- Avoid using `tokenizers` before the fork if possible
	- Explicitly set the environment variable TOKENIZERS_PARALLELISM=(true | false)
huggingface/tokenizers: The current process just got forked, after parallelism has already been used. Disabling parallelism to avoid deadlocks...
To disable this warning, you can either:
	- Avoid using `tokenizers` before the fork if possible
	- Explicitly set the environment variable TOKENIZERS_PARALLELISM=(true | false)
huggingface/tokenizers: The current process just got forked, after parallelism has already been used. Disabling parallelism to avoid deadlocks...
To disable this warning, you can either:
	- Avoid using `tokenizers` before the fork if possible
	- Explicitly set the environment variable TOKENIZERS_PARALLELISM=(true | false)
huggingface/tokenizers: The current process just got forked, after parallelism has already been used. Disabling parallelism to avoid deadlocks...
To disable this warning, you can either:
	- Avoid using `tokenizers` before the fork if possible
	- Explicitly set the environment variable TOKENIZERS_PARALLELISM=(true | false)
>>> Epoch 20/20  Train=3.0976  Val=3.1700  LR=0.00e+00

Training complete. Best val loss: 3.1690
Saved final model → /home/zhuoyangl/tryout/bmi702/checkpoints/echocare_bert_mlp_heads_only.pt

Test-set alignment score for Exp 5 (Bio_ClinicalBERT): MLP Heads Only:
huggingface/tokenizers: The current process just got forked, after parallelism has already been used. Disabling parallelism to avoid deadlocks...
To disable this warning, you can either:
	- Avoid using `tokenizers` before the fork if possible
	- Explicitly set the environment variable TOKENIZERS_PARALLELISM=(true | false)
huggingface/tokenizers: The current process just got forked, after parallelism has already been used. Disabling parallelism to avoid deadlocks...
To disable this warning, you can either:
	- Avoid using `tokenizers` before the fork if possible
	- Explicitly set the environment variable TOKENIZERS_PARALLELISM=(true | false)
huggingface/tokenizers: The current process just got forked, after parallelism has already been used. Disabling parallelism to avoid deadlocks...
To disable this warning, you can either:
	- Avoid using `tokenizers` before the fork if possible
	- Explicitly set the environment variable TOKENIZERS_PARALLELISM=(true | false)
huggingface/tokenizers: The current process just got forked, after parallelism has already been used. Disabling parallelism to avoid deadlocks...
To disable this warning, you can either:
	- Avoid using `tokenizers` before the fork if possible
	- Explicitly set the environment variable TOKENIZERS_PARALLELISM=(true | false)
  Alignment score (paired):   0.4979
  Cross-pair mean similarity: 0.1491
Saved run summary → /home/zhuoyangl/tryout/bmi702/checkpoints/exp5_summary.json
